[2025-08-18 20:42:19,116] [WARNING] [Exp] Unauthorized access attempt to /mkt/movers
[2025-08-18 20:42:19,209] [WARNING] [Exp] Unauthorized access attempt to /mkt/nifty50
[2025-08-18 20:42:19,217] [WARNING] [Exp] Unauthorized access attempt to /mkt/banknifty
[2025-08-18 20:42:19,218] [WARNING] [Exp] Unauthorized access attempt to /mkt/sensex
[2025-08-18 20:42:19,219] [WARNING] [Exp] Unauthorized access attempt to /mkt/midcap
[2025-08-18 20:42:19,327] [WARNING] [Exp] Unauthorized access attempt to /mkt/sensex
[2025-08-18 20:42:19,513] [WARNING] [Exp] Unauthorized access attempt to /mkt/nifty50
[2025-08-18 20:42:19,531] [WARNING] [Exp] Unauthorized access attempt to /mkt/banknifty
[2025-08-18 20:42:19,549] [WARNING] [Exp] Unauthorized access attempt to /mkt/movers
[2025-08-18 20:42:19,563] [WARNING] [Exp] Unauthorized access attempt to /mkt/midcap
[2025-08-18 20:42:21,158] [WARNING] [Exp] Unauthorized access attempt to /mkt/movers
[2025-08-18 20:42:21,171] [WARNING] [Exp] Unauthorized access attempt to /mkt/sensex
[2025-08-18 20:42:21,179] [WARNING] [Exp] Unauthorized access attempt to /mkt/banknifty
[2025-08-18 20:42:21,181] [WARNING] [Exp] Unauthorized access attempt to /mkt/nifty50
[2025-08-18 20:42:21,473] [WARNING] [Exp] Unauthorized access attempt to /mkt/banknifty
[2025-08-18 20:42:21,486] [WARNING] [Exp] Unauthorized access attempt to /mkt/movers
[2025-08-18 20:42:21,487] [WARNING] [Exp] Unauthorized access attempt to /mkt/nifty50
[2025-08-18 20:42:21,538] [WARNING] [Exp] Unauthorized access attempt to /mkt/sensex
[2025-08-18 20:42:21,552] [WARNING] [Exp] Unauthorized access attempt to /mkt/midcap
[2025-08-18 20:42:21,565] [WARNING] [Exp] Unauthorized access attempt to /mkt/midcap
[2025-08-18 20:42:22,186] [WARNING] [Exp] Unauthorized access attempt to /mkt/movers
[2025-08-18 20:42:22,200] [WARNING] [Exp] Unauthorized access attempt to /mkt/sensex
[2025-08-18 20:42:22,203] [WARNING] [Exp] Unauthorized access attempt to /mkt/nifty50
[2025-08-18 20:42:22,497] [WARNING] [Exp] Unauthorized access attempt to /mkt/banknifty
[2025-08-18 20:42:22,511] [WARNING] [Exp] Unauthorized access attempt to /mkt/sensex
[2025-08-18 20:42:22,516] [WARNING] [Exp] Unauthorized access attempt to /mkt/nifty50
[2025-08-18 20:42:22,549] [WARNING] [Exp] Unauthorized access attempt to /mkt/midcap
[2025-08-18 20:42:22,562] [WARNING] [Exp] Unauthorized access attempt to /mkt/movers
[2025-08-18 20:42:22,563] [WARNING] [Exp] Unauthorized access attempt to /mkt/banknifty
[2025-08-18 20:42:22,823] [WARNING] [Exp] Unauthorized access attempt to /mkt/midcap
[2025-08-18 20:42:40,738] [WARNING] [Exp] Unauthorized access attempt to /mkt/movers
[2025-08-18 20:42:40,768] [WARNING] [Exp] Unauthorized access attempt to /mkt/nifty50
[2025-08-18 20:42:41,052] [WARNING] [Exp] Unauthorized access attempt to /mkt/sensex
[2025-08-18 20:42:41,063] [WARNING] [Exp] Unauthorized access attempt to /mkt/banknifty
[2025-08-18 20:42:41,066] [WARNING] [Exp] Unauthorized access attempt to /mkt/midcap
[2025-08-18 20:42:41,650] [WARNING] [Exp] Unauthorized access attempt to /mkt/movers
[2025-08-18 20:42:41,700] [WARNING] [Exp] Unauthorized access attempt to /mkt/nifty50
[2025-08-18 20:42:41,978] [WARNING] [Exp] Unauthorized access attempt to /mkt/sensex
[2025-08-18 20:42:41,996] [WARNING] [Exp] Unauthorized access attempt to /mkt/banknifty
[2025-08-18 20:42:42,015] [WARNING] [Exp] Unauthorized access attempt to /mkt/midcap
[2025-08-18 20:43:41,071] [WARNING] [Exp] Unauthorized access attempt to /mkt/movers
[2025-08-18 20:43:41,098] [WARNING] [Exp] Unauthorized access attempt to /mkt/nifty50
[2025-08-18 20:43:41,099] [WARNING] [Exp] Unauthorized access attempt to /mkt/sensex
[2025-08-18 20:43:41,100] [WARNING] [Exp] Unauthorized access attempt to /mkt/midcap
[2025-08-18 20:43:41,101] [WARNING] [Exp] Unauthorized access attempt to /mkt/banknifty
[2025-08-18 20:44:40,792] [WARNING] [Exp] Unauthorized access attempt to /mkt/movers
[2025-08-18 20:44:41,141] [WARNING] [Exp] Unauthorized access attempt to /mkt/nifty50
[2025-08-18 20:44:41,196] [WARNING] [Exp] Unauthorized access attempt to /mkt/midcap
[2025-08-18 20:44:41,235] [WARNING] [Exp] Unauthorized access attempt to /mkt/banknifty
[2025-08-18 20:44:41,348] [WARNING] [Exp] Unauthorized access attempt to /mkt/sensex
[2025-08-18 20:45:42,031] [WARNING] [Exp] Unauthorized access attempt to /mkt/movers
[2025-08-18 20:45:42,039] [WARNING] [Exp] Unauthorized access attempt to /mkt/midcap
[2025-08-18 20:45:42,040] [WARNING] [Exp] Unauthorized access attempt to /mkt/sensex
[2025-08-18 20:45:42,041] [WARNING] [Exp] Unauthorized access attempt to /mkt/banknifty
[2025-08-18 20:45:42,041] [WARNING] [Exp] Unauthorized access attempt to /mkt/nifty50
[2025-08-18 20:46:41,721] [WARNING] [Exp] Unauthorized access attempt to /mkt/movers
[2025-08-18 20:46:42,033] [WARNING] [Exp] Unauthorized access attempt to /mkt/nifty50
[2025-08-18 20:46:42,041] [WARNING] [Exp] Unauthorized access attempt to /mkt/sensex
[2025-08-18 20:46:42,052] [WARNING] [Exp] Unauthorized access attempt to /mkt/midcap
[2025-08-18 20:46:42,053] [WARNING] [Exp] Unauthorized access attempt to /mkt/banknifty
[2025-08-18 20:47:42,028] [WARNING] [Exp] Unauthorized access attempt to /mkt/movers
[2025-08-18 20:47:42,038] [WARNING] [Exp] Unauthorized access attempt to /mkt/nifty50
[2025-08-18 20:47:42,040] [WARNING] [Exp] Unauthorized access attempt to /mkt/sensex
[2025-08-18 20:47:42,041] [WARNING] [Exp] Unauthorized access attempt to /mkt/banknifty
[2025-08-18 20:47:42,042] [WARNING] [Exp] Unauthorized access attempt to /mkt/midcap
[2025-08-18 20:48:16,796] [WARNING] [Exp] Unauthorized access attempt to /mkt/movers
[2025-08-18 20:48:16,818] [WARNING] [Exp] Unauthorized access attempt to /mkt/nifty50
[2025-08-18 20:48:16,819] [WARNING] [Exp] Unauthorized access attempt to /mkt/banknifty
[2025-08-18 20:48:16,820] [WARNING] [Exp] Unauthorized access attempt to /mkt/sensex
[2025-08-18 20:48:16,847] [WARNING] [Exp] Unauthorized access attempt to /mkt/midcap
[2025-08-18 20:48:17,398] [WARNING] [Exp] Unauthorized access attempt to /mkt/movers
[2025-08-18 20:48:17,718] [WARNING] [Exp] Unauthorized access attempt to /mkt/nifty50
[2025-08-18 20:48:17,732] [WARNING] [Exp] Unauthorized access attempt to /mkt/midcap
[2025-08-18 20:48:17,733] [WARNING] [Exp] Unauthorized access attempt to /mkt/sensex
[2025-08-18 20:48:17,734] [WARNING] [Exp] Unauthorized access attempt to /mkt/banknifty
[2025-08-18 20:48:44,938] [WARNING] [Exp] Unauthorized access attempt to /mkt/movers
[2025-08-18 20:48:44,950] [WARNING] [Exp] Unauthorized access attempt to /mkt/sensex
[2025-08-18 20:48:44,950] [WARNING] [Exp] Unauthorized access attempt to /mkt/nifty50
[2025-08-18 20:48:44,951] [WARNING] [Exp] Unauthorized access attempt to /mkt/banknifty
[2025-08-18 20:48:44,952] [WARNING] [Exp] Unauthorized access attempt to /mkt/midcap
[2025-08-18 20:48:45,507] [WARNING] [Exp] Unauthorized access attempt to /mkt/movers
[2025-08-18 20:48:45,828] [WARNING] [Exp] Unauthorized access attempt to /mkt/sensex
[2025-08-18 20:48:45,840] [WARNING] [Exp] Unauthorized access attempt to /mkt/nifty50
[2025-08-18 20:48:45,852] [WARNING] [Exp] Unauthorized access attempt to /mkt/banknifty
[2025-08-18 20:48:45,861] [WARNING] [Exp] Unauthorized access attempt to /mkt/midcap
[2025-08-18 20:49:45,030] [WARNING] [Exp] Unauthorized access attempt to /mkt/movers
[2025-08-18 20:49:45,042] [WARNING] [Exp] Unauthorized access attempt to /mkt/sensex
[2025-08-18 20:49:45,043] [WARNING] [Exp] Unauthorized access attempt to /mkt/banknifty
[2025-08-18 20:49:45,044] [WARNING] [Exp] Unauthorized access attempt to /mkt/nifty50
[2025-08-18 20:49:45,089] [WARNING] [Exp] Unauthorized access attempt to /mkt/midcap
[2025-08-18 20:50:44,722] [WARNING] [Exp] Unauthorized access attempt to /mkt/movers
[2025-08-18 20:50:45,047] [WARNING] [Exp] Unauthorized access attempt to /mkt/nifty50
[2025-08-18 20:50:45,088] [WARNING] [Exp] Unauthorized access attempt to /mkt/banknifty
[2025-08-18 20:50:45,089] [WARNING] [Exp] Unauthorized access attempt to /mkt/sensex
[2025-08-18 20:50:45,090] [WARNING] [Exp] Unauthorized access attempt to /mkt/midcap
[2025-08-18 20:51:45,036] [WARNING] [Exp] Unauthorized access attempt to /mkt/movers
[2025-08-18 20:51:45,111] [WARNING] [Exp] Unauthorized access attempt to /mkt/banknifty
[2025-08-18 20:51:45,112] [WARNING] [Exp] Unauthorized access attempt to /mkt/nifty50
[2025-08-18 20:51:45,113] [WARNING] [Exp] Unauthorized access attempt to /mkt/sensex
[2025-08-18 20:51:45,115] [WARNING] [Exp] Unauthorized access attempt to /mkt/midcap
[2025-08-18 20:52:44,719] [WARNING] [Exp] Unauthorized access attempt to /mkt/movers
[2025-08-18 20:52:45,059] [WARNING] [Exp] Unauthorized access attempt to /mkt/nifty50
[2025-08-18 20:52:45,064] [WARNING] [Exp] Unauthorized access attempt to /mkt/banknifty
[2025-08-18 20:52:45,069] [WARNING] [Exp] Unauthorized access attempt to /mkt/sensex
[2025-08-18 20:52:45,070] [WARNING] [Exp] Unauthorized access attempt to /mkt/midcap
[2025-08-18 20:53:45,059] [WARNING] [Exp] Unauthorized access attempt to /mkt/movers
[2025-08-18 20:53:45,070] [WARNING] [Exp] Unauthorized access attempt to /mkt/midcap
[2025-08-18 20:53:45,072] [WARNING] [Exp] Unauthorized access attempt to /mkt/banknifty
[2025-08-18 20:53:45,074] [WARNING] [Exp] Unauthorized access attempt to /mkt/sensex
[2025-08-18 20:53:45,076] [WARNING] [Exp] Unauthorized access attempt to /mkt/nifty50
