[2025-08-07 08:00:15,680] [WARNING] [main] Unauthorized access attempt to /api/save-user
[2025-08-07 08:17:39,450] [WARNING] [main] Unauthorized access attempt to /api/save-user
[2025-08-07 09:17:55,764] [WARNING] [main] Unauthorized access attempt to /api/save-user
[2025-08-07 16:18:54,269] [WARNING] [main] Unauthorized access attempt to /api/clerk/save-user
[2025-08-07 16:25:12,748] [WARNING] [main] Unauthorized access attempt to /api/clerk/save-user
[2025-08-07 16:39:44,360] [WARNING] [main] Unauthorized access attempt to /api/clerk/save-user
[2025-08-07 16:45:11,682] [WARNING] [main] Unauthorized access attempt to /api/clerk/save-user
[2025-08-07 16:50:33,089] [WARNING] [main] Unauthorized access attempt to /api/clerk/save-user
[2025-08-07 16:55:16,139] [WARNING] [main] Unauthorized access attempt to /api/clerk/save-user
[2025-08-07 17:10:09,419] [WARNING] [main] Unauthorized access attempt to /api/clerk/save-user
[2025-08-07 17:10:57,289] [WARNING] [main] Unauthorized access attempt to /api/clerk/debug
[2025-08-08 07:58:24,831] [WARNING] [main] Unauthorized access attempt to /api/sensex
[2025-08-08 07:58:24,879] [WARNING] [main] Unauthorized access attempt to /api/nifty50
[2025-08-08 07:58:24,882] [WARNING] [main] Unauthorized access attempt to /api/banknifty
[2025-08-08 07:58:24,884] [WARNING] [main] Unauthorized access attempt to /api/midcap_sensex
[2025-08-08 07:58:25,401] [WARNING] [main] Unauthorized access attempt to /api/sensex
[2025-08-08 07:58:25,413] [WARNING] [main] Unauthorized access attempt to /api/nifty50
[2025-08-08 07:58:25,426] [WARNING] [main] Unauthorized access attempt to /api/banknifty
[2025-08-08 07:58:25,434] [WARNING] [main] Unauthorized access attempt to /api/midcap_sensex
[2025-08-08 08:26:18,059] [WARNING] [main] Unauthorized access attempt to /api/sensex
[2025-08-08 08:26:18,067] [WARNING] [main] Unauthorized access attempt to /api/nifty50
[2025-08-08 08:26:18,075] [WARNING] [main] Unauthorized access attempt to /api/banknifty
[2025-08-08 08:26:18,076] [WARNING] [main] Unauthorized access attempt to /api/midcap_sensex
[2025-08-08 08:26:18,631] [WARNING] [main] Unauthorized access attempt to /api/sensex
[2025-08-08 08:26:18,639] [WARNING] [main] Unauthorized access attempt to /api/nifty50
[2025-08-08 08:26:18,648] [WARNING] [main] Unauthorized access attempt to /api/banknifty
[2025-08-08 08:26:18,657] [WARNING] [main] Unauthorized access attempt to /api/midcap_sensex
[2025-08-08 10:12:26,827] [WARNING] [main] Unauthorized access attempt to /api/finnifty
[2025-08-08 10:12:26,833] [WARNING] [main] Unauthorized access attempt to /api/nifty50
[2025-08-08 10:12:26,835] [WARNING] [main] Unauthorized access attempt to /api/sensex
[2025-08-08 10:12:26,837] [WARNING] [main] Unauthorized access attempt to /api/banknifty
[2025-08-08 10:12:26,870] [WARNING] [main] Unauthorized access attempt to /api/midcap_sensex
[2025-08-08 10:12:26,880] [WARNING] [main] Unauthorized access attempt to /api/finnifty
[2025-08-08 10:12:26,882] [WARNING] [main] Unauthorized access attempt to /api/nifty50
[2025-08-08 10:12:26,883] [WARNING] [main] Unauthorized access attempt to /api/sensex
[2025-08-08 10:12:26,884] [WARNING] [main] Unauthorized access attempt to /api/banknifty
[2025-08-08 10:12:26,907] [WARNING] [main] Unauthorized access attempt to /api/midcap_sensex
[2025-08-08 10:13:35,455] [WARNING] [main] Unauthorized access attempt to /api/nifty50
[2025-08-08 10:13:35,470] [WARNING] [main] Unauthorized access attempt to /api/sensex
[2025-08-08 10:13:35,503] [WARNING] [main] Unauthorized access attempt to /api/banknifty
[2025-08-08 10:13:35,505] [WARNING] [main] Unauthorized access attempt to /api/midcap_sensex
[2025-08-08 10:13:35,528] [WARNING] [main] Unauthorized access attempt to /api/finnifty
[2025-08-08 10:13:36,037] [WARNING] [main] Unauthorized access attempt to /api/nifty50
[2025-08-08 10:13:36,056] [WARNING] [main] Unauthorized access attempt to /api/sensex
[2025-08-08 10:13:36,061] [WARNING] [main] Unauthorized access attempt to /api/banknifty
[2025-08-08 10:13:36,081] [WARNING] [main] Unauthorized access attempt to /api/midcap_sensex
[2025-08-08 10:13:36,083] [WARNING] [main] Unauthorized access attempt to /api/finnifty
[2025-08-08 10:14:26,754] [WARNING] [main] Unauthorized access attempt to /api/nifty50
[2025-08-08 10:14:26,770] [WARNING] [main] Unauthorized access attempt to /api/sensex
[2025-08-08 10:14:26,772] [WARNING] [main] Unauthorized access attempt to /api/banknifty
[2025-08-08 10:14:26,774] [WARNING] [main] Unauthorized access attempt to /api/midcap_sensex
[2025-08-08 10:14:26,777] [WARNING] [main] Unauthorized access attempt to /api/finnifty
[2025-08-08 10:14:27,333] [WARNING] [main] Unauthorized access attempt to /api/nifty50
[2025-08-08 10:14:27,352] [WARNING] [main] Unauthorized access attempt to /api/sensex
[2025-08-08 10:14:27,356] [WARNING] [main] Unauthorized access attempt to /api/banknifty
[2025-08-08 10:14:27,359] [WARNING] [main] Unauthorized access attempt to /api/midcap_sensex
[2025-08-08 10:14:27,381] [WARNING] [main] Unauthorized access attempt to /api/finnifty
[2025-08-08 10:31:17,699] [WARNING] [main] Unauthorized access attempt to /api/nifty50
[2025-08-08 10:31:17,703] [WARNING] [main] Unauthorized access attempt to /api/sensex
[2025-08-08 10:31:17,706] [WARNING] [main] Unauthorized access attempt to /api/banknifty
[2025-08-08 10:31:17,741] [WARNING] [main] Unauthorized access attempt to /api/midcap_sensex
[2025-08-08 10:31:17,744] [WARNING] [main] Unauthorized access attempt to /api/finnifty
[2025-08-08 10:31:17,760] [WARNING] [main] Unauthorized access attempt to /api/nifty50
[2025-08-08 10:31:17,762] [WARNING] [main] Unauthorized access attempt to /api/sensex
[2025-08-08 10:31:17,764] [WARNING] [main] Unauthorized access attempt to /api/banknifty
[2025-08-08 10:31:17,783] [WARNING] [main] Unauthorized access attempt to /api/midcap_sensex
[2025-08-08 10:31:17,790] [WARNING] [main] Unauthorized access attempt to /api/finnifty
[2025-08-08 10:31:22,167] [WARNING] [main] Unauthorized access attempt to /api/nifty50
[2025-08-08 10:31:22,175] [WARNING] [main] Unauthorized access attempt to /api/midcap_sensex
[2025-08-08 10:31:22,179] [WARNING] [main] Unauthorized access attempt to /api/sensex
[2025-08-08 10:31:22,181] [WARNING] [main] Unauthorized access attempt to /api/banknifty
[2025-08-08 10:31:22,183] [WARNING] [main] Unauthorized access attempt to /api/finnifty
[2025-08-08 10:31:22,211] [WARNING] [main] Unauthorized access attempt to /api/nifty50
[2025-08-08 10:31:22,213] [WARNING] [main] Unauthorized access attempt to /api/midcap_sensex
[2025-08-08 10:31:22,214] [WARNING] [main] Unauthorized access attempt to /api/sensex
[2025-08-08 10:31:22,216] [WARNING] [main] Unauthorized access attempt to /api/banknifty
[2025-08-08 10:31:22,236] [WARNING] [main] Unauthorized access attempt to /api/finnifty
[2025-08-08 10:35:27,325] [WARNING] [main] Unauthorized access attempt to /api/nifty50
[2025-08-08 10:35:27,336] [WARNING] [main] Unauthorized access attempt to /api/sensex
[2025-08-08 10:35:27,338] [WARNING] [main] Unauthorized access attempt to /api/midcap_sensex
[2025-08-08 10:35:27,340] [WARNING] [main] Unauthorized access attempt to /api/banknifty
[2025-08-08 10:35:27,342] [WARNING] [main] Unauthorized access attempt to /api/finnifty
[2025-08-08 10:35:27,370] [WARNING] [main] Unauthorized access attempt to /api/nifty50
[2025-08-08 10:35:27,372] [WARNING] [main] Unauthorized access attempt to /api/sensex
[2025-08-08 10:35:27,373] [WARNING] [main] Unauthorized access attempt to /api/midcap_sensex
[2025-08-08 10:35:27,375] [WARNING] [main] Unauthorized access attempt to /api/banknifty
[2025-08-08 10:35:27,396] [WARNING] [main] Unauthorized access attempt to /api/finnifty
[2025-08-08 10:35:45,199] [WARNING] [main] Unauthorized access attempt to /api/nifty50
[2025-08-08 10:35:45,215] [WARNING] [main] Unauthorized access attempt to /api/sensex
[2025-08-08 10:35:45,230] [WARNING] [main] Unauthorized access attempt to /api/banknifty
[2025-08-08 10:35:45,233] [WARNING] [main] Unauthorized access attempt to /api/midcap_sensex
[2025-08-08 10:35:45,247] [WARNING] [main] Unauthorized access attempt to /api/finnifty
[2025-08-08 10:35:45,249] [WARNING] [main] Unauthorized access attempt to /api/nifty50
[2025-08-08 10:35:45,260] [WARNING] [main] Unauthorized access attempt to /api/sensex
[2025-08-08 10:35:45,262] [WARNING] [main] Unauthorized access attempt to /api/banknifty
[2025-08-08 10:35:45,274] [WARNING] [main] Unauthorized access attempt to /api/midcap_sensex
[2025-08-08 10:35:45,275] [WARNING] [main] Unauthorized access attempt to /api/finnifty
[2025-08-08 10:49:30,213] [WARNING] [main] Unauthorized access attempt to /api/nifty50
[2025-08-08 10:49:30,217] [WARNING] [main] Unauthorized access attempt to /api/sensex
[2025-08-08 10:49:30,244] [WARNING] [main] Unauthorized access attempt to /api/banknifty
[2025-08-08 10:49:30,257] [WARNING] [main] Unauthorized access attempt to /api/finnifty
[2025-08-08 10:49:30,259] [WARNING] [main] Unauthorized access attempt to /api/midcap_sensex
[2025-08-08 10:49:30,276] [WARNING] [main] Unauthorized access attempt to /api/nifty50
[2025-08-08 10:49:30,278] [WARNING] [main] Unauthorized access attempt to /api/sensex
[2025-08-08 10:49:30,297] [WARNING] [main] Unauthorized access attempt to /api/banknifty
[2025-08-08 10:49:30,300] [WARNING] [main] Unauthorized access attempt to /api/finnifty
[2025-08-08 10:49:30,302] [WARNING] [main] Unauthorized access attempt to /api/midcap_sensex
[2025-08-08 10:53:42,543] [WARNING] [main] Unauthorized access attempt to /api/nifty50
[2025-08-08 10:53:42,557] [WARNING] [main] Unauthorized access attempt to /api/banknifty
[2025-08-08 10:53:42,559] [WARNING] [main] Unauthorized access attempt to /api/sensex
[2025-08-08 10:53:42,573] [WARNING] [main] Unauthorized access attempt to /api/midcap_sensex
[2025-08-08 10:53:42,580] [WARNING] [main] Unauthorized access attempt to /api/finnifty
[2025-08-08 10:53:43,120] [WARNING] [main] Unauthorized access attempt to /api/nifty50
[2025-08-08 10:53:43,130] [WARNING] [main] Unauthorized access attempt to /api/banknifty
[2025-08-08 10:53:43,133] [WARNING] [main] Unauthorized access attempt to /api/sensex
[2025-08-08 10:53:43,150] [WARNING] [main] Unauthorized access attempt to /api/midcap_sensex
[2025-08-08 10:53:43,152] [WARNING] [main] Unauthorized access attempt to /api/finnifty
[2025-08-08 12:55:58,302] [WARNING] [main] Unauthorized access attempt to /api/midcap_sensex
[2025-08-08 12:55:58,307] [WARNING] [main] Unauthorized access attempt to /api/nifty50
[2025-08-08 12:55:58,309] [WARNING] [main] Unauthorized access attempt to /api/sensex
[2025-08-08 12:55:58,311] [WARNING] [main] Unauthorized access attempt to /api/banknifty
[2025-08-08 12:55:58,351] [WARNING] [main] Unauthorized access attempt to /api/finnifty
[2025-08-08 12:55:58,910] [WARNING] [main] Unauthorized access attempt to /api/sensex
[2025-08-08 12:55:58,927] [WARNING] [main] Unauthorized access attempt to /api/banknifty
[2025-08-08 12:55:58,932] [WARNING] [main] Unauthorized access attempt to /api/finnifty
[2025-08-08 12:55:58,950] [WARNING] [main] Unauthorized access attempt to /api/nifty50
[2025-08-08 12:55:58,952] [WARNING] [main] Unauthorized access attempt to /api/midcap_sensex
[2025-08-08 12:57:23,104] [WARNING] [main] Unauthorized access attempt to /api/nifty50
[2025-08-08 12:57:23,110] [WARNING] [main] Unauthorized access attempt to /api/sensex
[2025-08-08 12:57:23,112] [WARNING] [main] Unauthorized access attempt to /api/banknifty
[2025-08-08 12:57:23,139] [WARNING] [main] Unauthorized access attempt to /api/midcap_sensex
[2025-08-08 12:57:23,149] [WARNING] [main] Unauthorized access attempt to /api/finnifty
[2025-08-08 12:57:23,686] [WARNING] [main] Unauthorized access attempt to /api/nifty50
[2025-08-08 12:57:23,729] [WARNING] [main] Unauthorized access attempt to /api/sensex
[2025-08-08 12:57:23,732] [WARNING] [main] Unauthorized access attempt to /api/banknifty
[2025-08-08 12:57:23,734] [WARNING] [main] Unauthorized access attempt to /api/midcap_sensex
[2025-08-08 12:57:23,737] [WARNING] [main] Unauthorized access attempt to /api/finnifty
[2025-08-08 12:59:22,658] [WARNING] [main] Unauthorized access attempt to /api/nifty50
[2025-08-08 12:59:22,669] [WARNING] [main] Unauthorized access attempt to /api/sensex
[2025-08-08 12:59:22,682] [WARNING] [main] Unauthorized access attempt to /api/banknifty
[2025-08-08 12:59:22,685] [WARNING] [main] Unauthorized access attempt to /api/midcap_sensex
[2025-08-08 12:59:22,714] [WARNING] [main] Unauthorized access attempt to /api/finnifty
[2025-08-08 12:59:23,246] [WARNING] [main] Unauthorized access attempt to /api/nifty50
[2025-08-08 12:59:23,256] [WARNING] [main] Unauthorized access attempt to /api/sensex
[2025-08-08 12:59:23,269] [WARNING] [main] Unauthorized access attempt to /api/banknifty
[2025-08-08 12:59:23,280] [WARNING] [main] Unauthorized access attempt to /api/midcap_sensex
[2025-08-08 12:59:23,282] [WARNING] [main] Unauthorized access attempt to /api/finnifty
[2025-08-08 12:59:29,840] [WARNING] [main] Unauthorized access attempt to /api/nifty50
[2025-08-08 12:59:29,856] [WARNING] [main] Unauthorized access attempt to /api/sensex
[2025-08-08 12:59:29,867] [WARNING] [main] Unauthorized access attempt to /api/midcap_sensex
[2025-08-08 12:59:29,869] [WARNING] [main] Unauthorized access attempt to /api/banknifty
[2025-08-08 12:59:29,887] [WARNING] [main] Unauthorized access attempt to /api/finnifty
[2025-08-08 12:59:30,402] [WARNING] [main] Unauthorized access attempt to /api/nifty50
[2025-08-08 12:59:30,427] [WARNING] [main] Unauthorized access attempt to /api/sensex
[2025-08-08 12:59:30,430] [WARNING] [main] Unauthorized access attempt to /api/midcap_sensex
[2025-08-08 12:59:30,433] [WARNING] [main] Unauthorized access attempt to /api/banknifty
[2025-08-08 12:59:30,490] [WARNING] [main] Unauthorized access attempt to /api/finnifty
[2025-08-08 13:15:36,273] [WARNING] [main] Unauthorized access attempt to /api/nifty50
[2025-08-08 13:15:36,292] [WARNING] [main] Unauthorized access attempt to /api/sensex
[2025-08-08 13:15:36,297] [WARNING] [main] Unauthorized access attempt to /api/banknifty
[2025-08-08 13:15:36,314] [WARNING] [main] Unauthorized access attempt to /api/midcap_sensex
[2025-08-08 13:15:36,316] [WARNING] [main] Unauthorized access attempt to /api/finnifty
[2025-08-08 13:15:36,333] [WARNING] [main] Unauthorized access attempt to /api/nifty50
[2025-08-08 13:15:36,341] [WARNING] [main] Unauthorized access attempt to /api/sensex
[2025-08-08 13:15:36,344] [WARNING] [main] Unauthorized access attempt to /api/banknifty
[2025-08-08 13:15:36,358] [WARNING] [main] Unauthorized access attempt to /api/midcap_sensex
[2025-08-08 13:15:36,365] [WARNING] [main] Unauthorized access attempt to /api/finnifty
[2025-08-08 13:22:29,411] [WARNING] [main] Unauthorized access attempt to /api/sensex
[2025-08-08 13:22:29,426] [WARNING] [main] Unauthorized access attempt to /api/midcap_sensex
[2025-08-08 13:22:29,428] [WARNING] [main] Unauthorized access attempt to /api/finnifty
[2025-08-08 13:22:29,451] [WARNING] [main] Unauthorized access attempt to /api/nifty50
[2025-08-08 13:22:29,453] [WARNING] [main] Unauthorized access attempt to /api/banknifty
[2025-08-08 13:22:29,457] [WARNING] [main] Unauthorized access attempt to /api/sensex
[2025-08-08 13:22:29,482] [WARNING] [main] Unauthorized access attempt to /api/midcap_sensex
[2025-08-08 13:22:29,494] [WARNING] [main] Unauthorized access attempt to /api/finnifty
[2025-08-08 13:22:29,496] [WARNING] [main] Unauthorized access attempt to /api/nifty50
[2025-08-08 13:22:29,498] [WARNING] [main] Unauthorized access attempt to /api/banknifty
[2025-08-08 13:23:32,232] [WARNING] [main] Unauthorized access attempt to /api/nifty50
[2025-08-08 13:23:32,241] [WARNING] [main] Unauthorized access attempt to /api/sensex
[2025-08-08 13:23:32,262] [WARNING] [main] Unauthorized access attempt to /api/banknifty
[2025-08-08 13:23:32,265] [WARNING] [main] Unauthorized access attempt to /api/midcap_sensex
[2025-08-08 13:23:32,282] [WARNING] [main] Unauthorized access attempt to /api/finnifty
[2025-08-08 13:23:32,292] [WARNING] [main] Unauthorized access attempt to /api/nifty50
[2025-08-08 13:23:32,294] [WARNING] [main] Unauthorized access attempt to /api/sensex
[2025-08-08 13:23:32,296] [WARNING] [main] Unauthorized access attempt to /api/banknifty
[2025-08-08 13:23:32,319] [WARNING] [main] Unauthorized access attempt to /api/midcap_sensex
[2025-08-08 13:23:32,321] [WARNING] [main] Unauthorized access attempt to /api/finnifty
[2025-08-18 15:24:03,657] [WARNING] [main] Unauthorized access attempt to /mkt/movers
[2025-08-18 15:24:03,660] [WARNING] [main] Unauthorized access attempt to /mkt/nifty50
[2025-08-18 15:24:03,941] [WARNING] [main] Unauthorized access attempt to /mkt/sensex
[2025-08-18 15:24:03,966] [WARNING] [main] Unauthorized access attempt to /mkt/movers
[2025-08-18 15:24:03,968] [WARNING] [main] Unauthorized access attempt to /mkt/nifty50
[2025-08-18 15:24:04,003] [WARNING] [main] Unauthorized access attempt to /mkt/banknifty
[2025-08-18 15:24:04,245] [WARNING] [main] Unauthorized access attempt to /mkt/midcap
[2025-08-18 15:24:04,254] [WARNING] [main] Unauthorized access attempt to /mkt/banknifty
[2025-08-18 15:24:04,278] [WARNING] [main] Unauthorized access attempt to /mkt/sensex
[2025-08-18 15:24:04,312] [WARNING] [main] Unauthorized access attempt to /mkt/midcap
[2025-08-18 15:24:26,649] [WARNING] [main] Unauthorized access attempt to /mkt/movers
[2025-08-18 15:24:26,661] [WARNING] [main] Unauthorized access attempt to /mkt/sensex
[2025-08-18 15:24:26,661] [WARNING] [main] Unauthorized access attempt to /mkt/nifty50
[2025-08-18 15:24:26,662] [WARNING] [main] Unauthorized access attempt to /mkt/banknifty
[2025-08-18 15:24:26,663] [WARNING] [main] Unauthorized access attempt to /mkt/midcap
[2025-08-18 15:24:27,554] [WARNING] [main] Unauthorized access attempt to /mkt/movers
[2025-08-18 15:24:27,566] [WARNING] [main] Unauthorized access attempt to /mkt/nifty50
[2025-08-18 15:24:27,567] [WARNING] [main] Unauthorized access attempt to /mkt/sensex
[2025-08-18 15:24:27,567] [WARNING] [main] Unauthorized access attempt to /mkt/banknifty
[2025-08-18 15:24:27,611] [WARNING] [main] Unauthorized access attempt to /mkt/midcap
[2025-08-18 15:24:53,037] [WARNING] [main] Unauthorized access attempt to /mkt/movers
[2025-08-18 15:24:53,047] [WARNING] [main] Unauthorized access attempt to /mkt/sensex
[2025-08-18 15:24:53,048] [WARNING] [main] Unauthorized access attempt to /mkt/midcap
[2025-08-18 15:24:53,049] [WARNING] [main] Unauthorized access attempt to /mkt/banknifty
[2025-08-18 15:24:53,049] [WARNING] [main] Unauthorized access attempt to /mkt/nifty50
[2025-08-18 15:27:34,800] [WARNING] [main] Unauthorized access attempt to /mkt/movers
[2025-08-18 15:27:34,809] [WARNING] [main] Unauthorized access attempt to /mkt/banknifty
[2025-08-18 15:27:34,810] [WARNING] [main] Unauthorized access attempt to /mkt/nifty50
[2025-08-18 15:27:34,812] [WARNING] [main] Unauthorized access attempt to /mkt/sensex
[2025-08-18 15:27:34,856] [WARNING] [main] Unauthorized access attempt to /mkt/midcap
[2025-08-18 15:27:35,386] [WARNING] [main] Unauthorized access attempt to /mkt/movers
[2025-08-18 15:27:35,699] [WARNING] [main] Unauthorized access attempt to /mkt/banknifty
[2025-08-18 15:27:35,716] [WARNING] [main] Unauthorized access attempt to /mkt/nifty50
[2025-08-18 15:27:35,737] [WARNING] [main] Unauthorized access attempt to /mkt/sensex
[2025-08-18 15:27:35,755] [WARNING] [main] Unauthorized access attempt to /mkt/midcap
[2025-08-18 15:28:04,973] [WARNING] [main] Unauthorized access attempt to /mkt/movers
[2025-08-18 15:28:04,990] [WARNING] [main] Unauthorized access attempt to /mkt/sensex
[2025-08-18 15:28:04,991] [WARNING] [main] Unauthorized access attempt to /mkt/nifty50
[2025-08-18 15:28:05,021] [WARNING] [main] Unauthorized access attempt to /mkt/midcap
[2025-08-18 15:28:05,022] [WARNING] [main] Unauthorized access attempt to /mkt/banknifty
[2025-08-18 15:28:05,555] [WARNING] [main] Unauthorized access attempt to /mkt/movers
[2025-08-18 15:28:05,867] [WARNING] [main] Unauthorized access attempt to /mkt/sensex
[2025-08-18 15:28:05,885] [WARNING] [main] Unauthorized access attempt to /mkt/nifty50
[2025-08-18 15:28:05,886] [WARNING] [main] Unauthorized access attempt to /mkt/midcap
[2025-08-18 15:28:05,922] [WARNING] [main] Unauthorized access attempt to /mkt/banknifty
[2025-08-18 15:28:32,464] [WARNING] [main] Unauthorized access attempt to /mkt/movers
[2025-08-18 15:28:32,474] [WARNING] [main] Unauthorized access attempt to /mkt/banknifty
[2025-08-18 15:28:32,476] [WARNING] [main] Unauthorized access attempt to /mkt/nifty50
[2025-08-18 15:28:32,477] [WARNING] [main] Unauthorized access attempt to /mkt/sensex
[2025-08-18 15:28:32,506] [WARNING] [main] Unauthorized access attempt to /mkt/midcap
[2025-08-18 15:28:33,048] [WARNING] [main] Unauthorized access attempt to /mkt/movers
[2025-08-18 15:28:33,348] [WARNING] [main] Unauthorized access attempt to /mkt/banknifty
[2025-08-18 15:28:33,366] [WARNING] [main] Unauthorized access attempt to /mkt/nifty50
[2025-08-18 15:28:33,391] [WARNING] [main] Unauthorized access attempt to /mkt/sensex
[2025-08-18 15:28:33,392] [WARNING] [main] Unauthorized access attempt to /mkt/midcap
[2025-08-18 15:28:55,939] [WARNING] [main] Unauthorized access attempt to /mkt/movers
[2025-08-18 15:28:55,947] [WARNING] [main] Unauthorized access attempt to /mkt/nifty50
[2025-08-18 15:28:55,948] [WARNING] [main] Unauthorized access attempt to /mkt/sensex
[2025-08-18 15:28:55,956] [WARNING] [main] Unauthorized access attempt to /mkt/banknifty
[2025-08-18 15:28:55,957] [WARNING] [main] Unauthorized access attempt to /mkt/midcap
[2025-08-18 15:28:56,548] [WARNING] [main] Unauthorized access attempt to /mkt/movers
[2025-08-18 15:28:56,852] [WARNING] [main] Unauthorized access attempt to /mkt/nifty50
[2025-08-18 15:28:56,860] [WARNING] [main] Unauthorized access attempt to /mkt/sensex
[2025-08-18 15:28:56,866] [WARNING] [main] Unauthorized access attempt to /mkt/banknifty
[2025-08-18 15:28:56,879] [WARNING] [main] Unauthorized access attempt to /mkt/midcap
